c5475021af8886c71b469a4fb452c8ddf240f744
1a513b2ca8a8955db1fe306b6d65dee2ffe5c9bc
	linux-vdso.so.1 (0x0000fdbda3179000)
	libtt-umd.so.0 => $PROJECT/build-umd/umd/lib/libtt-umd.so.0 (0x0000fdbda2cc0000)
	libstdc++.so.6 => $TOOLCHAIN_PREFIX/lib/aarch64-linux-gnu/libstdc++.so.6 (0x0000fdbda2a90000)
	libm.so.6 => /lib/aarch64-linux-gnu/libm.so.6 (0x0000fdbda29f0000)
	libgcc_s.so.1 => /lib/aarch64-linux-gnu/libgcc_s.so.1 (0x0000fdbda29c0000)
	libc.so.6 => /lib/aarch64-linux-gnu/libc.so.6 (0x0000fdbda2810000)
	libhwloc.so.15 => $TOOLCHAIN_PREFIX/lib/aarch64-linux-gnu/libhwloc.so.15 (0x0000fdbda27a0000)
	libnsl.so.2 => /lib/aarch64-linux-gnu/libnsl.so.2 (0x0000fdbda2770000)
	/lib/ld-linux-aarch64.so.1 (0x0000fdbda3140000)
	libudev.so.1 => /lib/aarch64-linux-gnu/libudev.so.1 (0x0000fdbda2730000)
	libtirpc.so.3 => /lib/aarch64-linux-gnu/libtirpc.so.3 (0x0000fdbda26f0000)
	libgssapi_krb5.so.2 => /lib/aarch64-linux-gnu/libgssapi_krb5.so.2 (0x0000fdbda2680000)
	libkrb5.so.3 => /lib/aarch64-linux-gnu/libkrb5.so.3 (0x0000fdbda25a0000)
	libk5crypto.so.3 => /lib/aarch64-linux-gnu/libk5crypto.so.3 (0x0000fdbda2560000)
	libcom_err.so.2 => /lib/aarch64-linux-gnu/libcom_err.so.2 (0x0000fdbda2540000)
	libkrb5support.so.0 => /lib/aarch64-linux-gnu/libkrb5support.so.0 (0x0000fdbda2520000)
	libkeyutils.so.1 => /lib/aarch64-linux-gnu/libkeyutils.so.1 (0x0000fdbda2500000)
	libresolv.so.2 => /lib/aarch64-linux-gnu/libresolv.so.2 (0x0000fdbda24d0000)
	linux-vdso.so.1 (0x0000f313c3119000)
	libtt-umd.so.0 => $PROJECT/build-umd/umd/lib/libtt-umd.so.0 (0x0000f313c2c70000)
	libstdc++.so.6 => $TOOLCHAIN_PREFIX/lib/aarch64-linux-gnu/libstdc++.so.6 (0x0000f313c2a40000)
	libm.so.6 => /lib/aarch64-linux-gnu/libm.so.6 (0x0000f313c29a0000)
	libgcc_s.so.1 => /lib/aarch64-linux-gnu/libgcc_s.so.1 (0x0000f313c2970000)
	libc.so.6 => /lib/aarch64-linux-gnu/libc.so.6 (0x0000f313c27c0000)
	libhwloc.so.15 => $TOOLCHAIN_PREFIX/lib/aarch64-linux-gnu/libhwloc.so.15 (0x0000f313c2750000)
	libnsl.so.2 => /lib/aarch64-linux-gnu/libnsl.so.2 (0x0000f313c2720000)
	/lib/ld-linux-aarch64.so.1 (0x0000f313c30e0000)
	libudev.so.1 => /lib/aarch64-linux-gnu/libudev.so.1 (0x0000f313c26e0000)
	libtirpc.so.3 => /lib/aarch64-linux-gnu/libtirpc.so.3 (0x0000f313c26a0000)
	libgssapi_krb5.so.2 => /lib/aarch64-linux-gnu/libgssapi_krb5.so.2 (0x0000f313c2630000)
	libkrb5.so.3 => /lib/aarch64-linux-gnu/libkrb5.so.3 (0x0000f313c2550000)
	libk5crypto.so.3 => /lib/aarch64-linux-gnu/libk5crypto.so.3 (0x0000f313c2510000)
	libcom_err.so.2 => /lib/aarch64-linux-gnu/libcom_err.so.2 (0x0000f313c24f0000)
	libkrb5support.so.0 => /lib/aarch64-linux-gnu/libkrb5support.so.0 (0x0000f313c24d0000)
	libkeyutils.so.1 => /lib/aarch64-linux-gnu/libkeyutils.so.1 (0x0000f313c24b0000)
	libresolv.so.2 => /lib/aarch64-linux-gnu/libresolv.so.2 (0x0000f313c2480000)
e9c308daa071e5b3aa27a26b965e70c28ed1c4df4652365e5335f2126a8466a4  build-umd/umd_demo
69ff1e2e57f16977a0fc24213e1cb634530851fa58a6cfdf67ca598817e757ca  build-umd/allocator_examples
d38142c9d94526a5d6b48e5c0711efd718ffaed9270150c5556da0de788214ae  third_party/ttsim/libttsim_wh_aarch64.so
125M	.cpmcache
13M	third_party/tt-umd
204K	third_party/ttsim
61M	build-umd
